// Jest Snapshot v1, https://goo.gl/fbAQLP

exports[`IdfSelectRole Snapshot 1`] = `
<div>
  <div
    class="form-group"
  >
    <div
      class="dropdown"
      id="dropdown-selectRoleDropdown"
    >
      <button
        aria-expanded="false"
        aria-haspopup="true"
        class="w-100 dropdown-search false dropdown-toggle btn btn-outline-link"
        type="button"
      >
        Search for Role
      </button>
    </div>
  </div>
</div>
`;
