// Jest Snapshot v1, https://goo.gl/fbAQLP

exports[`Test IdfPrincipalOwnerAvatar Snapshot and render showing the initials of the name 1`] = `
<body>
  <div>
    <div
      class="d-flex main-owner undefined"
    >
      <a
        class="d-flex"
        href="/settings/profile/users/1"
      >
        <div
          class="avatar avatar-sm avatar-circle avatar-soft-primary avatar-md"
        >
          <span
            class="avatar-initials"
          >
            FL
          </span>
        </div>
      </a>
    </div>
  </div>
</body>
`;
